Archive member included to satisfy reference by file (symbol)

c:/program files (x86)/atmel/studio/7.0/toolchain/arm/arm-gnu-toolchain/bin/../lib/gcc/arm-none-eabi/6.3.1/thumb/v7-m\libgcc.a(_arm_addsubdf3.o)
                              PID.o (__aeabi_i2d)
c:/program files (x86)/atmel/studio/7.0/toolchain/arm/arm-gnu-toolchain/bin/../lib/gcc/arm-none-eabi/6.3.1/thumb/v7-m\libgcc.a(_arm_muldivdf3.o)
                              PID.o (__aeabi_ddiv)
c:/program files (x86)/atmel/studio/7.0/toolchain/arm/arm-gnu-toolchain/bin/../lib/gcc/arm-none-eabi/6.3.1/thumb/v7-m\libgcc.a(_arm_fixdfsi.o)
                              PID.o (__aeabi_d2iz)
c:/program files (x86)/atmel/studio/7.0/toolchain/arm/arm-gnu-toolchain/bin/../lib/gcc/arm-none-eabi/6.3.1/thumb/v7-m\libgcc.a(_arm_addsubsf3.o)
                              PID.o (__aeabi_fsub)
c:/program files (x86)/atmel/studio/7.0/toolchain/arm/arm-gnu-toolchain/bin/../lib/gcc/arm-none-eabi/6.3.1/thumb/v7-m\libgcc.a(_arm_muldivsf3.o)
                              PID.o (__aeabi_fmul)
c:/program files (x86)/atmel/studio/7.0/toolchain/arm/arm-gnu-toolchain/bin/../lib/gcc/arm-none-eabi/6.3.1/thumb/v7-m\libgcc.a(_arm_cmpsf2.o)
                              PID.o (__aeabi_fcmplt)
c:/program files (x86)/atmel/studio/7.0/toolchain/arm/arm-gnu-toolchain/bin/../lib/gcc/arm-none-eabi/6.3.1/thumb/v7-m\libgcc.a(_arm_fixsfsi.o)
                              PID.o (__aeabi_f2iz)
c:/program files (x86)/atmel/studio/7.0/toolchain/arm/arm-gnu-toolchain/bin/../lib/gcc/arm-none-eabi/6.3.1/../../../../arm-none-eabi/lib/thumb/v7-m\libc.a(lib_a-exit.o)
                              c:/program files (x86)/atmel/studio/7.0/toolchain/arm/arm-gnu-toolchain/bin/../lib/gcc/arm-none-eabi/6.3.1/../../../../arm-none-eabi/lib/thumb/v7-m/crt0.o (exit)
c:/program files (x86)/atmel/studio/7.0/toolchain/arm/arm-gnu-toolchain/bin/../lib/gcc/arm-none-eabi/6.3.1/../../../../arm-none-eabi/lib/thumb/v7-m\libc.a(lib_a-impure.o)
                              c:/program files (x86)/atmel/studio/7.0/toolchain/arm/arm-gnu-toolchain/bin/../lib/gcc/arm-none-eabi/6.3.1/../../../../arm-none-eabi/lib/thumb/v7-m\libc.a(lib_a-exit.o) (_global_impure_ptr)
c:/program files (x86)/atmel/studio/7.0/toolchain/arm/arm-gnu-toolchain/bin/../lib/gcc/arm-none-eabi/6.3.1/../../../../arm-none-eabi/lib/thumb/v7-m\libc.a(lib_a-init.o)
                              c:/program files (x86)/atmel/studio/7.0/toolchain/arm/arm-gnu-toolchain/bin/../lib/gcc/arm-none-eabi/6.3.1/../../../../arm-none-eabi/lib/thumb/v7-m/crt0.o (__libc_init_array)
c:/program files (x86)/atmel/studio/7.0/toolchain/arm/arm-gnu-toolchain/bin/../lib/gcc/arm-none-eabi/6.3.1/../../../../arm-none-eabi/lib/thumb/v7-m\libc.a(lib_a-memset.o)
                              c:/program files (x86)/atmel/studio/7.0/toolchain/arm/arm-gnu-toolchain/bin/../lib/gcc/arm-none-eabi/6.3.1/../../../../arm-none-eabi/lib/thumb/v7-m/crt0.o (memset)
c:/program files (x86)/atmel/studio/7.0/toolchain/arm/arm-gnu-toolchain/bin/../lib/gcc/arm-none-eabi/6.3.1/../../../../arm-none-eabi/lib/thumb/v7-m\libc.a(lib_a-__call_atexit.o)
                              c:/program files (x86)/atmel/studio/7.0/toolchain/arm/arm-gnu-toolchain/bin/../lib/gcc/arm-none-eabi/6.3.1/../../../../arm-none-eabi/lib/thumb/v7-m\libc.a(lib_a-exit.o) (__call_exitprocs)
c:/program files (x86)/atmel/studio/7.0/toolchain/arm/arm-gnu-toolchain/bin/../lib/gcc/arm-none-eabi/6.3.1/../../../../arm-none-eabi/lib/thumb/v7-m\libc.a(lib_a-atexit.o)
                              c:/program files (x86)/atmel/studio/7.0/toolchain/arm/arm-gnu-toolchain/bin/../lib/gcc/arm-none-eabi/6.3.1/../../../../arm-none-eabi/lib/thumb/v7-m\libc.a(lib_a-__call_atexit.o) (atexit)
c:/program files (x86)/atmel/studio/7.0/toolchain/arm/arm-gnu-toolchain/bin/../lib/gcc/arm-none-eabi/6.3.1/../../../../arm-none-eabi/lib/thumb/v7-m\libc.a(lib_a-fini.o)
                              c:/program files (x86)/atmel/studio/7.0/toolchain/arm/arm-gnu-toolchain/bin/../lib/gcc/arm-none-eabi/6.3.1/../../../../arm-none-eabi/lib/thumb/v7-m\libc.a(lib_a-__call_atexit.o) (__libc_fini_array)
c:/program files (x86)/atmel/studio/7.0/toolchain/arm/arm-gnu-toolchain/bin/../lib/gcc/arm-none-eabi/6.3.1/../../../../arm-none-eabi/lib/thumb/v7-m\libc.a(lib_a-lock.o)
                              c:/program files (x86)/atmel/studio/7.0/toolchain/arm/arm-gnu-toolchain/bin/../lib/gcc/arm-none-eabi/6.3.1/../../../../arm-none-eabi/lib/thumb/v7-m\libc.a(lib_a-__call_atexit.o) (__retarget_lock_acquire_recursive)
c:/program files (x86)/atmel/studio/7.0/toolchain/arm/arm-gnu-toolchain/bin/../lib/gcc/arm-none-eabi/6.3.1/../../../../arm-none-eabi/lib/thumb/v7-m\libc.a(lib_a-__atexit.o)
                              c:/program files (x86)/atmel/studio/7.0/toolchain/arm/arm-gnu-toolchain/bin/../lib/gcc/arm-none-eabi/6.3.1/../../../../arm-none-eabi/lib/thumb/v7-m\libc.a(lib_a-atexit.o) (__register_exitproc)

Allocating common symbols
[...]
Memory Configuration

Name             Origin             Length             Attributes
rom              0x00080000         0x00080000         xr
ram              0x20000000         0x00018000         xrw
*default*        0x00000000         0xffffffff

Linker script and memory map

LOAD c:/program files (x86)/atmel/studio/7.0/toolchain/arm/arm-gnu-toolchain/bin/../lib/gcc/arm-none-eabi/6.3.1/thumb/v7-m/crti.o
LOAD c:/program files (x86)/atmel/studio/7.0/toolchain/arm/arm-gnu-toolchain/bin/../lib/gcc/arm-none-eabi/6.3.1/thumb/v7-m/crtbegin.o
LOAD c:/program files (x86)/atmel/studio/7.0/toolchain/arm/arm-gnu-toolchain/bin/../lib/gcc/arm-none-eabi/6.3.1/../../../../arm-none-eabi/lib/thumb/v7-m/crt0.o
LOAD ADC.o
LOAD can_controller.o
LOAD can_interrupt.o
LOAD DAC.o
LOAD Device_Startup/startup_sam3xa.o
LOAD Device_Startup/system_sam3xa.o
LOAD Game.o
LOAD main.o
LOAD Motor.o
LOAD PID.o
LOAD printf-stdarg.o
LOAD PWM.o
LOAD timer.o
LOAD uart.o
START GROUP
LOAD c:/program files (x86)/atmel/studio/7.0/toolchain/arm/arm-gnu-toolchain/bin/../lib/gcc/arm-none-eabi/6.3.1/../../../../arm-none-eabi/lib/thumb/v7-m\libm.a
END GROUP
START GROUP
LOAD c:/program files (x86)/atmel/studio/7.0/toolchain/arm/arm-gnu-toolchain/bin/../lib/gcc/arm-none-eabi/6.3.1/thumb/v7-m\libgcc.a
LOAD c:/program files (x86)/atmel/studio/7.0/toolchain/arm/arm-gnu-toolchain/bin/../lib/gcc/arm-none-eabi/6.3.1/../../../../arm-none-eabi/lib/thumb/v7-m\libc.a
END GROUP
LOAD c:/program files (x86)/atmel/studio/7.0/toolchain/arm/arm-gnu-toolchain/bin/../lib/gcc/arm-none-eabi/6.3.1/thumb/v7-m/crtend.o
LOAD c:/program files (x86)/atmel/studio/7.0/toolchain/arm/arm-gnu-toolchain/bin/../lib/gcc/arm-none-eabi/6.3.1/thumb/v7-m/crtn.o
                0x00000400                STACK_SIZE = DEFINED (STACK_SIZE)?STACK_SIZE:0x400
                0x00000200                HEAP_SIZE = DEFINED (HEAP_SIZE)?HEAP_SIZE:0x200

.text           0x00080000     0x1da8
                0x00080000                . = ALIGN (0x4)
                0x00080000                _sfixed = .
 *(.vectors .vectors.*)
 .vectors       0x00080000       0xf4 Device_Startup/startup_sam3xa.o
                0x00080000                exception_table
 *(.text .text.* .gnu.linkonce.t.*)
 .text          0x000800f4       0x6c c:/program files (x86)/atmel/studio/7.0/toolchain/arm/arm-gnu-toolchain/bin/../lib/gcc/arm-none-eabi/6.3.1/thumb/v7-m/crtbegin.o
 .text.adc_init
                0x00080160       0x2c ADC.o
                0x00080160                adc_init
 .text.can_init
                0x0008018c       0xe0 can_controller.o
                0x0008018c                can_init
 .text.can_receive
                0x0008026c       0x84 can_controller.o
                0x0008026c                can_receive
 .text.CAN0_Handler
                0x000802f0       0x94 can_interrupt.o
                0x000802f0                CAN0_Handler
 .text.dac_init
                0x00080384       0x38 DAC.o
                0x00080384                dac_init
 .text.dac_write
                0x000803bc       0x1c DAC.o
                0x000803bc                dac_write
 .text.Dummy_Handler
                0x000803d8        0x2 Device_Startup/startup_sam3xa.o
                0x000803d8                DACC_Handler
                0x000803d8                DebugMon_Handler
                0x000803d8                DMAC_Handler
                0x000803d8                TRNG_Handler
                0x000803d8                HardFault_Handler
                0x000803d8                TC2_Handler
                0x000803d8                SysTick_Handler
                0x000803d8                USART3_Handler
                0x000803d8                TWI1_Handler
                0x000803d8                PendSV_Handler
                0x000803d8                NMI_Handler
                0x000803d8                TC7_Handler
                0x000803d8                ADC_Handler
                0x000803d8                SMC_Handler
                0x000803d8                USART0_Handler
                0x000803d8                RTT_Handler
                0x000803d8                EFC1_Handler
                0x000803d8                PIOB_Handler
                0x000803d8                RTC_Handler
                0x000803d8                UsageFault_Handler
                0x000803d8                TC6_Handler
                0x000803d8                WDT_Handler
                0x000803d8                TC4_Handler
                0x000803d8                TC1_Handler
                0x000803d8                HSMCI_Handler
                0x000803d8                TC3_Handler
                0x000803d8                Dummy_Handler
                0x000803d8                TWI0_Handler
                0x000803d8                USART1_Handler
                0x000803d8                PIOA_Handler
                0x000803d8                SSC_Handler
                0x000803d8                EFC0_Handler
                0x000803d8                PMC_Handler
                0x000803d8                PWM_Handler
                0x000803d8                CAN1_Handler
                0x000803d8                MemManage_Handler
                0x000803d8                SUPC_Handler
                0x000803d8                SVC_Handler
                0x000803d8                TC8_Handler
                0x000803d8                USART2_Handler
                0x000803d8                PIOD_Handler
                0x000803d8                EMAC_Handler
                0x000803d8                PIOC_Handler
                0x000803d8                BusFault_Handler
                0x000803d8                RSTC_Handler
                0x000803d8                TC0_Handler
                0x000803d8                TC5_Handler
                0x000803d8                UOTGHS_Handler
                0x000803d8                SPI0_Handler
 *fill*         0x000803da        0x2 
 .text.Reset_Handler
                0x000803dc       0x6c Device_Startup/startup_sam3xa.o
                0x000803dc                Reset_Handler
 .text.SystemInit
                0x00080448       0xa4 Device_Startup/system_sam3xa.o
                0x00080448                SystemInit
 .text.game_init
                0x000804ec       0x24 Game.o
                0x000804ec                game_init
 .text.main     0x00080510       0x84 main.o
                0x00080510                main
 .text.motor_init
                0x00080594       0x50 Motor.o
                0x00080594                motor_init
 .text.encoder_read
                0x000805e4       0x50 Motor.o
                0x000805e4                encoder_read
 .text.motor_write
                0x00080634       0x38 Motor.o
                0x00080634                motor_write
 *fill*         0x0008066c        0x4 
 .text.pid_controller1
                0x00080670      0x284 PID.o
                0x00080670                pid_controller1
 .text.printchar
                0x000808f4       0x10 printf-stdarg.o
 .text.prints   0x00080904       0x84 printf-stdarg.o
 .text.printi   0x00080988       0xac printf-stdarg.o
 .text.print    0x00080a34      0x150 printf-stdarg.o
 .text.printf   0x00080b84       0x24 printf-stdarg.o
                0x00080b84                printf
 .text.pwm_init
                0x00080ba8       0x7c PWM.o
                0x00080ba8                pwm_init
 .text.pwm_set  0x00080c24       0x28 PWM.o
                0x00080c24                pwm_set
 .text.pwm_set_servo
                0x00080c4c       0x14 PWM.o
                0x00080c4c                pwm_set_servo
 .text.timer_init
                0x00080c60       0x30 timer.o
                0x00080c60                timer_init
 .text.timer_read
                0x00080c90        0xc timer.o
                0x00080c90                timer_read
 .text.delay_micros_10
                0x00080c9c       0x24 timer.o
                0x00080c9c                delay_micros_10
 .text.configure_uart
                0x00080cc0       0x68 uart.o
                0x00080cc0                configure_uart
 .text.uart_putchar
                0x00080d28       0x24 uart.o
                0x00080d28                uart_putchar
 .text.UART_Handler
                0x00080d4c       0x68 uart.o
                0x00080d4c                UART_Handler
 .text          0x00080db4      0x370 c:/program files (x86)/atmel/studio/7.0/toolchain/arm/arm-gnu-toolchain/bin/../lib/gcc/arm-none-eabi/6.3.1/thumb/v7-m\libgcc.a(_arm_addsubdf3.o)
                0x00080db4                __aeabi_drsub
                0x00080dbc                __aeabi_dsub
                0x00080dbc                __subdf3
                0x00080dc0                __aeabi_dadd
                0x00080dc0                __adddf3
                0x00081038                __floatunsidf
                0x00081038                __aeabi_ui2d
                0x00081058                __floatsidf
                0x00081058                __aeabi_i2d
                0x0008107c                __aeabi_f2d
                0x0008107c                __extendsfdf2
                0x000810b8                __floatundidf
                0x000810b8                __aeabi_ul2d
                0x000810c8                __floatdidf
                0x000810c8                __aeabi_l2d
 .text          0x00081124      0x424 c:/program files (x86)/atmel/studio/7.0/toolchain/arm/arm-gnu-toolchain/bin/../lib/gcc/arm-none-eabi/6.3.1/thumb/v7-m\libgcc.a(_arm_muldivdf3.o)
                0x00081124                __aeabi_dmul
                0x00081124                __muldf3
                0x00081378                __divdf3
                0x00081378                __aeabi_ddiv
 .text          0x00081548       0x50 c:/program files (x86)/atmel/studio/7.0/toolchain/arm/arm-gnu-toolchain/bin/../lib/gcc/arm-none-eabi/6.3.1/thumb/v7-m\libgcc.a(_arm_fixdfsi.o)
                0x00081548                __aeabi_d2iz
                0x00081548                __fixdfsi
 .text          0x00081598      0x21c c:/program files (x86)/atmel/studio/7.0/toolchain/arm/arm-gnu-toolchain/bin/../lib/gcc/arm-none-eabi/6.3.1/thumb/v7-m\libgcc.a(_arm_addsubsf3.o)
                0x00081598                __aeabi_frsub
                0x000815a0                __subsf3
                0x000815a0                __aeabi_fsub
                0x000815a4                __aeabi_fadd
                0x000815a4                __addsf3
                0x00081704                __aeabi_ui2f
                0x00081704                __floatunsisf
                0x0008170c                __aeabi_i2f
                0x0008170c                __floatsisf
                0x00081728                __aeabi_ul2f
                0x00081728                __floatundisf
                0x00081738                __aeabi_l2f
                0x00081738                __floatdisf
 .text          0x000817b4      0x2a0 c:/program files (x86)/atmel/studio/7.0/toolchain/arm/arm-gnu-toolchain/bin/../lib/gcc/arm-none-eabi/6.3.1/thumb/v7-m\libgcc.a(_arm_muldivsf3.o)
                0x000817b4                __mulsf3
                0x000817b4                __aeabi_fmul
                0x0008191c                __aeabi_fdiv
                0x0008191c                __divsf3
 .text          0x00081a54       0xec c:/program files (x86)/atmel/studio/7.0/toolchain/arm/arm-gnu-toolchain/bin/../lib/gcc/arm-none-eabi/6.3.1/thumb/v7-m\libgcc.a(_arm_cmpsf2.o)
                0x00081a54                __gesf2
                0x00081a54                __gtsf2
                0x00081a5c                __lesf2
                0x00081a5c                __ltsf2
                0x00081a64                __nesf2
                0x00081a64                __eqsf2
                0x00081a64                __cmpsf2
                0x00081ac4                __aeabi_cfrcmple
                0x00081acc                __aeabi_cfcmpeq
                0x00081acc                __aeabi_cfcmple
                0x00081adc                __aeabi_fcmpeq
                0x00081af0                __aeabi_fcmplt
                0x00081b04                __aeabi_fcmple
                0x00081b18                __aeabi_fcmpge
                0x00081b2c                __aeabi_fcmpgt
 .text          0x00081b40       0x4c c:/program files (x86)/atmel/studio/7.0/toolchain/arm/arm-gnu-toolchain/bin/../lib/gcc/arm-none-eabi/6.3.1/thumb/v7-m\libgcc.a(_arm_fixsfsi.o)
                0x00081b40                __aeabi_f2iz
                0x00081b40                __fixsfsi
 .text.__libc_init_array
                0x00081b8c       0x50 c:/program files (x86)/atmel/studio/7.0/toolchain/arm/arm-gnu-toolchain/bin/../lib/gcc/arm-none-eabi/6.3.1/../../../../arm-none-eabi/lib/thumb/v7-m\libc.a(lib_a-init.o)
                0x00081b8c                __libc_init_array
 .text.startup.register_fini
                0x00081bdc       0x14 c:/program files (x86)/atmel/studio/7.0/toolchain/arm/arm-gnu-toolchain/bin/../lib/gcc/arm-none-eabi/6.3.1/../../../../arm-none-eabi/lib/thumb/v7-m\libc.a(lib_a-__call_atexit.o)
 .text.atexit   0x00081bf0        0xc c:/program files (x86)/atmel/studio/7.0/toolchain/arm/arm-gnu-toolchain/bin/../lib/gcc/arm-none-eabi/6.3.1/../../../../arm-none-eabi/lib/thumb/v7-m\libc.a(lib_a-atexit.o)
                0x00081bf0                atexit
 .text.__libc_fini_array
                0x00081bfc       0x34 c:/program files (x86)/atmel/studio/7.0/toolchain/arm/arm-gnu-toolchain/bin/../lib/gcc/arm-none-eabi/6.3.1/../../../../arm-none-eabi/lib/thumb/v7-m\libc.a(lib_a-fini.o)
                0x00081bfc                __libc_fini_array
 .text.__retarget_lock_acquire_recursive
                0x00081c30        0x4 c:/program files (x86)/atmel/studio/7.0/toolchain/arm/arm-gnu-toolchain/bin/../lib/gcc/arm-none-eabi/6.3.1/../../../../arm-none-eabi/lib/thumb/v7-m\libc.a(lib_a-lock.o)
                0x00081c30                __retarget_lock_acquire_recursive
 .text.__retarget_lock_release_recursive
                0x00081c34        0x4 c:/program files (x86)/atmel/studio/7.0/toolchain/arm/arm-gnu-toolchain/bin/../lib/gcc/arm-none-eabi/6.3.1/../../../../arm-none-eabi/lib/thumb/v7-m\libc.a(lib_a-lock.o)
                0x00081c34                __retarget_lock_release_recursive
 .text.__register_exitproc
                0x00081c38       0xc4 c:/program files (x86)/atmel/studio/7.0/toolchain/arm/arm-gnu-toolchain/bin/../lib/gcc/arm-none-eabi/6.3.1/../../../../arm-none-eabi/lib/thumb/v7-m\libc.a(lib_a-__atexit.o)
                0x00081c38                __register_exitproc
 *(.glue_7t)
 .glue_7t       0x00081cfc        0x0 linker stubs
 *(.glue_7)
 .glue_7        0x00081cfc        0x0 linker stubs
 *(.rodata .rodata* .gnu.linkonce.r.*)
 .rodata.str1.4
                0x00081cfc       0x2b can_interrupt.o
 *fill*         0x00081d27        0x1 
 .rodata.str1.4
                0x00081d28       0x30 PID.o
 .rodata.str1.4
                0x00081d58        0x7 printf-stdarg.o
 *fill*         0x00081d5f        0x1 
 .rodata.str1.4
                0x00081d60       0x20 uart.o
                                 0x1e (size before relaxing)
 .rodata._global_impure_ptr
                0x00081d80        0x4 c:/program files (x86)/atmel/studio/7.0/toolchain/arm/arm-gnu-toolchain/bin/../lib/gcc/arm-none-eabi/6.3.1/../../../../arm-none-eabi/lib/thumb/v7-m\libc.a(lib_a-impure.o)
                0x00081d80                _global_impure_ptr
 *(.ARM.extab* .gnu.linkonce.armextab.*)
                0x00081d84                . = ALIGN (0x4)
 *(.init)
 .init          0x00081d84        0x4 c:/program files (x86)/atmel/studio/7.0/toolchain/arm/arm-gnu-toolchain/bin/../lib/gcc/arm-none-eabi/6.3.1/thumb/v7-m/crti.o
                0x00081d84                _init
 .init          0x00081d88        0x8 c:/program files (x86)/atmel/studio/7.0/toolchain/arm/arm-gnu-toolchain/bin/../lib/gcc/arm-none-eabi/6.3.1/thumb/v7-m/crtn.o
                0x00081d90                . = ALIGN (0x4)
                0x00081d90                __preinit_array_start = .
 *(.preinit_array)
                0x00081d90                __preinit_array_end = .
                0x00081d90                . = ALIGN (0x4)
                0x00081d90                __init_array_start = .
 *(SORT(.init_array.*))
 .init_array.00000
                0x00081d90        0x4 c:/program files (x86)/atmel/studio/7.0/toolchain/arm/arm-gnu-toolchain/bin/../lib/gcc/arm-none-eabi/6.3.1/../../../../arm-none-eabi/lib/thumb/v7-m\libc.a(lib_a-__call_atexit.o)
 *(.init_array)
 .init_array    0x00081d94        0x4 c:/program files (x86)/atmel/studio/7.0/toolchain/arm/arm-gnu-toolchain/bin/../lib/gcc/arm-none-eabi/6.3.1/thumb/v7-m/crtbegin.o
                0x00081d98                __init_array_end = .
                0x00081d98                . = ALIGN (0x4)
 *crtbegin.o(.ctors)
 *(EXCLUDE_FILE(*crtend.o) .ctors)
 *(SORT(.ctors.*))
 *crtend.o(.ctors)
                0x00081d98                . = ALIGN (0x4)
 *(.fini)
 .fini          0x00081d98        0x4 c:/program files (x86)/atmel/studio/7.0/toolchain/arm/arm-gnu-toolchain/bin/../lib/gcc/arm-none-eabi/6.3.1/thumb/v7-m/crti.o
                0x00081d98                _fini
 .fini          0x00081d9c        0x8 c:/program files (x86)/atmel/studio/7.0/toolchain/arm/arm-gnu-toolchain/bin/../lib/gcc/arm-none-eabi/6.3.1/thumb/v7-m/crtn.o
                0x00081da4                . = ALIGN (0x4)
                0x00081da4                __fini_array_start = .
 *(.fini_array)
 .fini_array    0x00081da4        0x4 c:/program files (x86)/atmel/studio/7.0/toolchain/arm/arm-gnu-toolchain/bin/../lib/gcc/arm-none-eabi/6.3.1/thumb/v7-m/crtbegin.o
 *(SORT(.fini_array.*))
                0x00081da8                __fini_array_end = .
 *crtbegin.o(.dtors)
 *(EXCLUDE_FILE(*crtend.o) .dtors)
 *(SORT(.dtors.*))
 *crtend.o(.dtors)
                0x00081da8                . = ALIGN (0x4)
                0x00081da8                _efixed = .
                [!provide]                PROVIDE (__exidx_start, .)

.vfp11_veneer   0x00081da8        0x0
 .vfp11_veneer  0x00081da8        0x0 linker stubs

.v4_bx          0x00081da8        0x0
 .v4_bx         0x00081da8        0x0 linker stubs

.iplt           0x00081da8        0x0
 .iplt          0x00081da8        0x0 c:/program files (x86)/atmel/studio/7.0/toolchain/arm/arm-gnu-toolchain/bin/../lib/gcc/arm-none-eabi/6.3.1/thumb/v7-m/crtbegin.o

.eh_frame       0x00081da8        0x0
 .eh_frame      0x00081da8        0x0 c:/program files (x86)/atmel/studio/7.0/toolchain/arm/arm-gnu-toolchain/bin/../lib/gcc/arm-none-eabi/6.3.1/thumb/v7-m/crtbegin.o

.rel.dyn        0x00081da8        0x0
 .rel.iplt      0x00081da8        0x0 c:/program files (x86)/atmel/studio/7.0/toolchain/arm/arm-gnu-toolchain/bin/../lib/gcc/arm-none-eabi/6.3.1/thumb/v7-m/crtbegin.o

.jcr            0x00081da8        0x0
 .jcr           0x00081da8        0x0 c:/program files (x86)/atmel/studio/7.0/toolchain/arm/arm-gnu-toolchain/bin/../lib/gcc/arm-none-eabi/6.3.1/thumb/v7-m/crtbegin.o

.igot.plt       0x00081da8        0x0
 .igot.plt      0x00081da8        0x0 c:/program files (x86)/atmel/studio/7.0/toolchain/arm/arm-gnu-toolchain/bin/../lib/gcc/arm-none-eabi/6.3.1/thumb/v7-m/crtbegin.o

.ARM.exidx
 *(.ARM.exidx* .gnu.linkonce.armexidx.*)
                [!provide]                PROVIDE (__exidx_end, .)
                0x00081da8                . = ALIGN (0x4)
                0x00081da8                _etext = .

.relocate       0x20000000      0x434 load address 0x00081da8
                0x20000000                . = ALIGN (0x4)
                0x20000000                _srelocate = .
 *(.ramfunc .ramfunc.*)
 *(.data .data.*)
 .data          0x20000000        0x4 Device_Startup/system_sam3xa.o
                0x20000000                SystemCoreClock
 *fill*         0x20000004        0x4 
 .data.impure_data
                0x20000008      0x428 c:/program files (x86)/atmel/studio/7.0/toolchain/arm/arm-gnu-toolchain/bin/../lib/gcc/arm-none-eabi/6.3.1/../../../../arm-none-eabi/lib/thumb/v7-m\libc.a(lib_a-impure.o)
 .data.__atexit_recursive_mutex
                0x20000430        0x4 c:/program files (x86)/atmel/studio/7.0/toolchain/arm/arm-gnu-toolchain/bin/../lib/gcc/arm-none-eabi/6.3.1/../../../../arm-none-eabi/lib/thumb/v7-m\libc.a(lib_a-__call_atexit.o)
                0x20000430                __atexit_recursive_mutex
                0x20000434                . = ALIGN (0x4)
                0x20000434                _erelocate = .

.bss            0x20000434       0xd4 load address 0x000821dc
                0x20000434                . = ALIGN (0x4)
                0x20000434                _sbss = .
                0x20000434                _szero = .
 *(.bss .bss.*)
 .bss           0x20000434       0x1c c:/program files (x86)/atmel/studio/7.0/toolchain/arm/arm-gnu-toolchain/bin/../lib/gcc/arm-none-eabi/6.3.1/thumb/v7-m/crtbegin.o
 .bss           0x20000450        0xc PID.o
                0x20000450                prev_time
                0x20000454                cumulative_error
                0x20000458                sampling_time
 *(COMMON)
 COMMON         0x2000045c       0x10 Game.o
                0x2000045c                IR_flag
                0x20000460                score
                0x20000464                previous_time
                0x20000468                time_over_threshold
 COMMON         0x2000046c       0x34 PID.o
                0x2000046c                max_ud
                0x20000470                kd
                0x20000474                max_up
                0x20000478                up
                0x2000047c                prev_prev_error
                0x20000480                max_ui
                0x20000484                prev_ui
                0x20000488                ki
                0x2000048c                ud
                0x20000490                ui
                0x20000494                prev_error
                0x20000498                kp
                0x2000049c                prev_output
 COMMON         0x200004a0       0x42 uart.o
                0x200004a0                rx_buffer
 *fill*         0x200004e2        0x2 
 COMMON         0x200004e4       0x21 c:/program files (x86)/atmel/studio/7.0/toolchain/arm/arm-gnu-toolchain/bin/../lib/gcc/arm-none-eabi/6.3.1/../../../../arm-none-eabi/lib/thumb/v7-m\libc.a(lib_a-lock.o)
                0x200004e4                __lock___atexit_recursive_mutex
                0x200004e8                __lock___arc4random_mutex
                0x200004ec                __lock___env_recursive_mutex
                0x200004f0                __lock___sinit_recursive_mutex
                0x200004f4                __lock___malloc_recursive_mutex
                0x200004f8                __lock___at_quick_exit_mutex
                0x200004fc                __lock___dd_hash_mutex
                0x20000500                __lock___tz_mutex
                0x20000504                __lock___sfp_recursive_mutex
                0x20000508                . = ALIGN (0x4)
 *fill*         0x20000505        0x3 
                0x20000508                _ebss = .
                0x20000508                _ezero = .

.stack          0x20000508      0x400 load address 0x000822b0
                0x20000508                . = ALIGN (0x8)
                0x20000508                _sstack = .
                0x20000908                . = (. + STACK_SIZE)
 *fill*         0x20000508      0x400 
                0x20000908                . = ALIGN (0x8)
                0x20000908                _estack = .

.heap           0x20000908      0x200 load address 0x000826b0
                0x20000908                . = ALIGN (0x8)
                0x20000908                _sheap = .
                0x20000b08                . = (. + HEAP_SIZE)
 *fill*         0x20000908      0x200 
                0x20000b08                . = ALIGN (0x8)
                0x20000b08                _eheap = .
                0x20000b08                . = ALIGN (0x4)
                0x20000b08                _end = .
                0x20017fff                _ram_end_ = ((ORIGIN (ram) + LENGTH (ram)) - 0x1)
OUTPUT(Node2.elf elf32-littlearm)

.ARM.attributes
                0x00000000       0x29
 .ARM.attributes
                0x00000000       0x1d c:/program files (x86)/atmel/studio/7.0/toolchain/arm/arm-gnu-toolchain/bin/../lib/gcc/arm-none-eabi/6.3.1/thumb/v7-m/crti.o
 .ARM.attributes
                0x0000001d       0x2d c:/program files (x86)/atmel/studio/7.0/toolchain/arm/arm-gnu-toolchain/bin/../lib/gcc/arm-none-eabi/6.3.1/thumb/v7-m/crtbegin.o
 .ARM.attributes
                0x0000004a       0x33 ADC.o
 .ARM.attributes
                0x0000007d       0x33 can_controller.o
 .ARM.attributes
                0x000000b0       0x33 can_interrupt.o
 .ARM.attributes
                0x000000e3       0x33 DAC.o
 .ARM.attributes
                0x00000116       0x33 Device_Startup/startup_sam3xa.o
 .ARM.attributes
                0x00000149       0x33 Device_Startup/system_sam3xa.o
 .ARM.attributes
                0x0000017c       0x33 Game.o
 .ARM.attributes
                0x000001af       0x33 main.o
 .ARM.attributes
                0x000001e2       0x33 Motor.o
 .ARM.attributes
                0x00000215       0x33 PID.o
 .ARM.attributes
                0x00000248       0x33 printf-stdarg.o
 .ARM.attributes
                0x0000027b       0x33 PWM.o
 .ARM.attributes
                0x000002ae       0x33 timer.o
 .ARM.attributes
                0x000002e1       0x33 uart.o
 .ARM.attributes
                0x00000314       0x1d c:/program files (x86)/atmel/studio/7.0/toolchain/arm/arm-gnu-toolchain/bin/../lib/gcc/arm-none-eabi/6.3.1/thumb/v7-m\libgcc.a(_arm_addsubdf3.o)
 .ARM.attributes
                0x00000331       0x1d c:/program files (x86)/atmel/studio/7.0/toolchain/arm/arm-gnu-toolchain/bin/../lib/gcc/arm-none-eabi/6.3.1/thumb/v7-m\libgcc.a(_arm_muldivdf3.o)
 .ARM.attributes
                0x0000034e       0x1d c:/program files (x86)/atmel/studio/7.0/toolchain/arm/arm-gnu-toolchain/bin/../lib/gcc/arm-none-eabi/6.3.1/thumb/v7-m\libgcc.a(_arm_fixdfsi.o)
 .ARM.attributes
                0x0000036b       0x1d c:/program files (x86)/atmel/studio/7.0/toolchain/arm/arm-gnu-toolchain/bin/../lib/gcc/arm-none-eabi/6.3.1/thumb/v7-m\libgcc.a(_arm_addsubsf3.o)
 .ARM.attributes
                0x00000388       0x1d c:/program files (x86)/atmel/studio/7.0/toolchain/arm/arm-gnu-toolchain/bin/../lib/gcc/arm-none-eabi/6.3.1/thumb/v7-m\libgcc.a(_arm_muldivsf3.o)
 .ARM.attributes
                0x000003a5       0x1d c:/program files (x86)/atmel/studio/7.0/toolchain/arm/arm-gnu-toolchain/bin/../lib/gcc/arm-none-eabi/6.3.1/thumb/v7-m\libgcc.a(_arm_cmpsf2.o)
 .ARM.attributes
                0x000003c2       0x1d c:/program files (x86)/atmel/studio/7.0/toolchain/arm/arm-gnu-toolchain/bin/../lib/gcc/arm-none-eabi/6.3.1/thumb/v7-m\libgcc.a(_arm_fixsfsi.o)
 .ARM.attributes
                0x000003df       0x2d c:/program files (x86)/atmel/studio/7.0/toolchain/arm/arm-gnu-toolchain/bin/../lib/gcc/arm-none-eabi/6.3.1/../../../../arm-none-eabi/lib/thumb/v7-m\libc.a(lib_a-impure.o)
 .ARM.attributes
                0x0000040c       0x2d c:/program files (x86)/atmel/studio/7.0/toolchain/arm/arm-gnu-toolchain/bin/../lib/gcc/arm-none-eabi/6.3.1/../../../../arm-none-eabi/lib/thumb/v7-m\libc.a(lib_a-init.o)
 .ARM.attributes
                0x00000439       0x2d c:/program files (x86)/atmel/studio/7.0/toolchain/arm/arm-gnu-toolchain/bin/../lib/gcc/arm-none-eabi/6.3.1/../../../../arm-none-eabi/lib/thumb/v7-m\libc.a(lib_a-__call_atexit.o)
 .ARM.attributes
                0x00000466       0x2d c:/program files (x86)/atmel/studio/7.0/toolchain/arm/arm-gnu-toolchain/bin/../lib/gcc/arm-none-eabi/6.3.1/../../../../arm-none-eabi/lib/thumb/v7-m\libc.a(lib_a-atexit.o)
 .ARM.attributes
                0x00000493       0x2d c:/program files (x86)/atmel/studio/7.0/toolchain/arm/arm-gnu-toolchain/bin/../lib/gcc/arm-none-eabi/6.3.1/../../../../arm-none-eabi/lib/thumb/v7-m\libc.a(lib_a-fini.o)
 .ARM.attributes
                0x000004c0       0x2d c:/program files (x86)/atmel/studio/7.0/toolchain/arm/arm-gnu-toolchain/bin/../lib/gcc/arm-none-eabi/6.3.1/../../../../arm-none-eabi/lib/thumb/v7-m\libc.a(lib_a-lock.o)
 .ARM.attributes
                0x000004ed       0x2d c:/program files (x86)/atmel/studio/7.0/toolchain/arm/arm-gnu-toolchain/bin/../lib/gcc/arm-none-eabi/6.3.1/../../../../arm-none-eabi/lib/thumb/v7-m\libc.a(lib_a-__atexit.o)
 .ARM.attributes
                0x0000051a       0x1d c:/program files (x86)/atmel/studio/7.0/toolchain/arm/arm-gnu-toolchain/bin/../lib/gcc/arm-none-eabi/6.3.1/thumb/v7-m/crtn.o

.comment        0x00000000       0x59
 .comment       0x00000000       0x59 ADC.o
                                 0x5a (size before relaxing)
 .comment       0x00000059       0x5a can_controller.o
 .comment       0x00000059       0x5a can_interrupt.o
 .comment       0x00000059       0x5a DAC.o
 .comment       0x00000059       0x5a Device_Startup/startup_sam3xa.o
 .comment       0x00000059       0x5a Device_Startup/system_sam3xa.o
 .comment       0x00000059       0x5a Game.o
 .comment       0x00000059       0x5a main.o
 .comment       0x00000059       0x5a Motor.o
 .comment       0x00000059       0x5a PID.o
 .comment       0x00000059       0x5a printf-stdarg.o
 .comment       0x00000059       0x5a PWM.o
 .comment       0x00000059       0x5a timer.o
 .comment       0x00000059       0x5a uart.o

.debug_info     0x00000000     0x7a80
 .debug_info    0x00000000      0x5f4 ADC.o
 .debug_info    0x000005f4      0xd52 can_controller.o
 .debug_info    0x00001346      0xfc5 can_interrupt.o
 .debug_info    0x0000230b      0x8e9 DAC.o
 .debug_info    0x00002bf4      0x74e Device_Startup/startup_sam3xa.o
 .debug_info    0x00003342      0x444 Device_Startup/system_sam3xa.o
 .debug_info    0x00003786      0x200 Game.o
 .debug_info    0x00003986     0x1008 main.o
 .debug_info    0x0000498e      0x7d9 Motor.o
 .debug_info    0x00005167      0x5a9 PID.o
 .debug_info    0x00005710      0x60b printf-stdarg.o
 .debug_info    0x00005d1b      0xb94 PWM.o
 .debug_info    0x000068af      0x586 timer.o
 .debug_info    0x00006e35      0xc4b uart.o

.debug_abbrev   0x00000000     0x15a5
 .debug_abbrev  0x00000000       0xe8 ADC.o
 .debug_abbrev  0x000000e8      0x212 can_controller.o
 .debug_abbrev  0x000002fa      0x2cf can_interrupt.o
 .debug_abbrev  0x000005c9       0xf5 DAC.o
 .debug_abbrev  0x000006be      0x153 Device_Startup/startup_sam3xa.o
 .debug_abbrev  0x00000811      0x102 Device_Startup/system_sam3xa.o
 .debug_abbrev  0x00000913      0x122 Game.o
 .debug_abbrev  0x00000a35      0x22c main.o
 .debug_abbrev  0x00000c61      0x184 Motor.o
 .debug_abbrev  0x00000de5      0x195 PID.o
 .debug_abbrev  0x00000f7a      0x194 printf-stdarg.o
 .debug_abbrev  0x0000110e      0x126 PWM.o
 .debug_abbrev  0x00001234      0x136 timer.o
 .debug_abbrev  0x0000136a      0x23b uart.o

.debug_aranges  0x00000000      0x290
 .debug_aranges
                0x00000000       0x28 ADC.o
 .debug_aranges
                0x00000028       0x38 can_controller.o
 .debug_aranges
                0x00000060       0x20 can_interrupt.o
 .debug_aranges
                0x00000080       0x28 DAC.o
 .debug_aranges
                0x000000a8       0x28 Device_Startup/startup_sam3xa.o
 .debug_aranges
                0x000000d0       0x30 Device_Startup/system_sam3xa.o
 .debug_aranges
                0x00000100       0x28 Game.o
 .debug_aranges
                0x00000128       0x20 main.o
 .debug_aranges
                0x00000148       0x30 Motor.o
 .debug_aranges
                0x00000178       0x30 PID.o
 .debug_aranges
                0x000001a8       0x50 printf-stdarg.o
 .debug_aranges
                0x000001f8       0x30 PWM.o
 .debug_aranges
                0x00000228       0x30 timer.o
 .debug_aranges
                0x00000258       0x38 uart.o

.debug_ranges   0x00000000      0x1f8
 .debug_ranges  0x00000000       0x18 ADC.o
 .debug_ranges  0x00000018       0x28 can_controller.o
 .debug_ranges  0x00000040       0x40 can_interrupt.o
 .debug_ranges  0x00000080       0x18 DAC.o
 .debug_ranges  0x00000098       0x18 Device_Startup/startup_sam3xa.o
 .debug_ranges  0x000000b0       0x20 Device_Startup/system_sam3xa.o
 .debug_ranges  0x000000d0       0x18 Game.o
 .debug_ranges  0x000000e8       0x10 main.o
 .debug_ranges  0x000000f8       0x20 Motor.o
 .debug_ranges  0x00000118       0x20 PID.o
 .debug_ranges  0x00000138       0x58 printf-stdarg.o
 .debug_ranges  0x00000190       0x20 PWM.o
 .debug_ranges  0x000001b0       0x20 timer.o
 .debug_ranges  0x000001d0       0x28 uart.o

.debug_macro    0x00000000    0x13c0e
 .debug_macro   0x00000000      0x37a ADC.o
 .debug_macro   0x0000037a      0x8b0 ADC.o
 .debug_macro   0x00000c2a       0x22 ADC.o
 .debug_macro   0x00000c4c       0x87 ADC.o
 .debug_macro   0x00000cd3       0x51 ADC.o
 .debug_macro   0x00000d24       0xef ADC.o
 .debug_macro   0x00000e13       0x6a ADC.o
 .debug_macro   0x00000e7d      0x1df ADC.o
 .debug_macro   0x0000105c       0x20 ADC.o
 .debug_macro   0x0000107c       0x1c ADC.o
 .debug_macro   0x00001098       0x22 ADC.o
 .debug_macro   0x000010ba       0xc3 ADC.o
 .debug_macro   0x0000117d      0xe49 ADC.o
 .debug_macro   0x00001fc6      0x11f ADC.o
 .debug_macro   0x000020e5      0xa7d ADC.o
 .debug_macro   0x00002b62      0x55a ADC.o
 .debug_macro   0x000030bc      0x1a8 ADC.o
 .debug_macro   0x00003264      0x30b ADC.o
 .debug_macro   0x0000356f      0x709 ADC.o
 .debug_macro   0x00003c78       0xd6 ADC.o
 .debug_macro   0x00003d4e      0x56c ADC.o
 .debug_macro   0x000042ba       0x1c ADC.o
 .debug_macro   0x000042d6      0x678 ADC.o
 .debug_macro   0x0000494e      0x51e ADC.o
 .debug_macro   0x00004e6c       0xbe ADC.o
 .debug_macro   0x00004f2a     0x2333 ADC.o
 .debug_macro   0x0000725d      0x7d1 ADC.o
 .debug_macro   0x00007a2e      0xdbb ADC.o
 .debug_macro   0x000087e9       0x9a ADC.o
 .debug_macro   0x00008883      0x29c ADC.o
 .debug_macro   0x00008b1f       0x58 ADC.o
 .debug_macro   0x00008b77      0x999 ADC.o
 .debug_macro   0x00009510      0x22d ADC.o
 .debug_macro   0x0000973d      0x4b4 ADC.o
 .debug_macro   0x00009bf1      0x64a ADC.o
 .debug_macro   0x0000a23b      0x590 ADC.o
 .debug_macro   0x0000a7cb       0x46 ADC.o
 .debug_macro   0x0000a811      0x33f ADC.o
 .debug_macro   0x0000ab50      0x27e ADC.o
 .debug_macro   0x0000adce     0x14dc ADC.o
 .debug_macro   0x0000c2aa      0x7cf ADC.o
 .debug_macro   0x0000ca79       0x76 ADC.o
 .debug_macro   0x0000caef       0x82 ADC.o
 .debug_macro   0x0000cb71       0x76 ADC.o
 .debug_macro   0x0000cbe7       0x4c ADC.o
 .debug_macro   0x0000cc33      0x100 ADC.o
 .debug_macro   0x0000cd33      0x100 ADC.o
 .debug_macro   0x0000ce33      0x100 ADC.o
 .debug_macro   0x0000cf33       0x88 ADC.o
 .debug_macro   0x0000cfbb       0x88 ADC.o
 .debug_macro   0x0000d043      0x3b4 ADC.o
 .debug_macro   0x0000d3f7       0xbe ADC.o
 .debug_macro   0x0000d4b5       0xbe ADC.o
 .debug_macro   0x0000d573       0xbe ADC.o
 .debug_macro   0x0000d631       0xbe ADC.o
 .debug_macro   0x0000d6ef      0x2b8 ADC.o
 .debug_macro   0x0000d9a7      0x118 ADC.o
 .debug_macro   0x0000dabf      0x216 ADC.o
 .debug_macro   0x0000dcd5      0x216 ADC.o
 .debug_macro   0x0000deeb       0x2e ADC.o
 .debug_macro   0x0000df19       0xac ADC.o
 .debug_macro   0x0000dfc5      0x13e ADC.o
 .debug_macro   0x0000e103       0x7c ADC.o
 .debug_macro   0x0000e17f      0x1f6 ADC.o
 .debug_macro   0x0000e375       0x64 ADC.o
 .debug_macro   0x0000e3d9       0xa6 ADC.o
 .debug_macro   0x0000e47f       0x7c ADC.o
 .debug_macro   0x0000e4fb       0x16 ADC.o
 .debug_macro   0x0000e511       0x22 ADC.o
 .debug_macro   0x0000e533       0x22 ADC.o
 .debug_macro   0x0000e555      0x10c ADC.o
 .debug_macro   0x0000e661      0x10c ADC.o
 .debug_macro   0x0000e76d      0x10c ADC.o
 .debug_macro   0x0000e879      0x10c ADC.o
 .debug_macro   0x0000e985       0x1c ADC.o
 .debug_macro   0x0000e9a1       0x2e ADC.o
 .debug_macro   0x0000e9cf       0x22 ADC.o
 .debug_macro   0x0000e9f1       0x1c ADC.o
 .debug_macro   0x0000ea0d       0x58 ADC.o
 .debug_macro   0x0000ea65       0x10 ADC.o
 .debug_macro   0x0000ea75      0x27a ADC.o
 .debug_macro   0x0000ecef      0xd34 ADC.o
 .debug_macro   0x0000fa23      0x170 ADC.o
 .debug_macro   0x0000fb93       0x10 ADC.o
 .debug_macro   0x0000fba3      0x37f can_controller.o
 .debug_macro   0x0000ff22       0x26 can_controller.o
 .debug_macro   0x0000ff48      0x4dd can_interrupt.o
 .debug_macro   0x00010425       0x52 can_interrupt.o
 .debug_macro   0x00010477       0x8d can_interrupt.o
 .debug_macro   0x00010504       0x35 can_interrupt.o
 .debug_macro   0x00010539       0x9c can_interrupt.o
 .debug_macro   0x000105d5       0x16 can_interrupt.o
 .debug_macro   0x000105eb       0x57 can_interrupt.o
 .debug_macro   0x00010642       0x97 can_interrupt.o
 .debug_macro   0x000106d9      0x353 can_interrupt.o
 .debug_macro   0x00010a2c       0xf6 can_interrupt.o
 .debug_macro   0x00010b22       0x10 can_interrupt.o
 .debug_macro   0x00010b32       0x58 can_interrupt.o
 .debug_macro   0x00010b8a       0x1f can_interrupt.o
 .debug_macro   0x00010ba9       0x43 can_interrupt.o
 .debug_macro   0x00010bec       0x20 can_interrupt.o
 .debug_macro   0x00010c0c      0x187 can_interrupt.o
 .debug_macro   0x00010d93       0x10 can_interrupt.o
 .debug_macro   0x00010da3       0x1c can_interrupt.o
 .debug_macro   0x00010dbf       0x52 can_interrupt.o
 .debug_macro   0x00010e11       0x40 can_interrupt.o
 .debug_macro   0x00010e51       0x10 can_interrupt.o
 .debug_macro   0x00010e61       0x40 can_interrupt.o
 .debug_macro   0x00010ea1       0xd7 can_interrupt.o
 .debug_macro   0x00010f78       0x16 can_interrupt.o
 .debug_macro   0x00010f8e      0x18b can_interrupt.o
 .debug_macro   0x00011119       0xbd can_interrupt.o
 .debug_macro   0x000111d6      0x37a DAC.o
 .debug_macro   0x00011550      0x371 Device_Startup/startup_sam3xa.o
 .debug_macro   0x000118c1      0x383 Device_Startup/system_sam3xa.o
 .debug_macro   0x00011c44       0x11 Game.o
 .debug_macro   0x00011c55      0x4e6 main.o
 .debug_macro   0x0001213b       0x58 main.o
 .debug_macro   0x00012193       0x10 main.o
 .debug_macro   0x000121a3       0xcf main.o
 .debug_macro   0x00012272      0x34d main.o
 .debug_macro   0x000125bf       0xb7 main.o
 .debug_macro   0x00012676      0x51a main.o
 .debug_macro   0x00012b90       0x35 main.o
 .debug_macro   0x00012bc5      0x176 main.o
 .debug_macro   0x00012d3b      0x37a Motor.o
 .debug_macro   0x000130b5       0x11 PID.o
 .debug_macro   0x000130c6       0x8e printf-stdarg.o
 .debug_macro   0x00013154       0x58 printf-stdarg.o
 .debug_macro   0x000131ac      0x374 PWM.o
 .debug_macro   0x00013520      0x37a timer.o
 .debug_macro   0x0001389a      0x374 uart.o

.debug_line     0x00000000     0x5719
 .debug_line    0x00000000      0x709 ADC.o
 .debug_line    0x00000709      0x7db can_controller.o
 .debug_line    0x00000ee4      0x884 can_interrupt.o
 .debug_line    0x00001768      0x70b DAC.o
 .debug_line    0x00001e73      0x728 Device_Startup/startup_sam3xa.o
 .debug_line    0x0000259b      0x785 Device_Startup/system_sam3xa.o
 .debug_line    0x00002d20       0x68 Game.o
 .debug_line    0x00002d88      0x837 main.o
 .debug_line    0x000035bf      0x732 Motor.o
 .debug_line    0x00003cf1       0xae PID.o
 .debug_line    0x00003d9f      0x3cb printf-stdarg.o
 .debug_line    0x0000416a      0x727 PWM.o
 .debug_line    0x00004891      0x71f timer.o
 .debug_line    0x00004fb0      0x769 uart.o

.debug_str      0x00000000    0x56696
 .debug_str     0x00000000    0x50053 ADC.o
                              0x50200 (size before relaxing)
 .debug_str     0x00050053      0x636 can_controller.o
                              0x506d4 (size before relaxing)
 .debug_str     0x00050689     0x4110 can_interrupt.o
                              0x544ff (size before relaxing)
 .debug_str     0x00054799      0x10f DAC.o
                              0x50357 (size before relaxing)
 .debug_str     0x000548a8      0x53d Device_Startup/startup_sam3xa.o
                              0x504ac (size before relaxing)
 .debug_str     0x00054de5      0x195 Device_Startup/system_sam3xa.o
                              0x5023f (size before relaxing)
 .debug_str     0x00054f7a       0x87 Game.o
                               0x25c8 (size before relaxing)
 .debug_str     0x00055001     0x1046 main.o
                              0x5530c (size before relaxing)
 .debug_str     0x00056047       0x46 Motor.o
                              0x50313 (size before relaxing)
 .debug_str     0x0005608d       0xaa PID.o
                               0x262e (size before relaxing)
 .debug_str     0x00056137      0x1b2 printf-stdarg.o
                               0x3633 (size before relaxing)
 .debug_str     0x000562e9      0x1f9 PWM.o
                              0x50495 (size before relaxing)
 .debug_str     0x000564e2       0xb1 timer.o
                              0x501af (size before relaxing)
 .debug_str     0x00056593      0x103 uart.o
                              0x5068a (size before relaxing)

.debug_frame    0x00000000      0x918
 .debug_frame   0x00000000       0x30 ADC.o
 .debug_frame   0x00000030       0x80 can_controller.o
 .debug_frame   0x000000b0       0x30 can_interrupt.o
 .debug_frame   0x000000e0       0x30 DAC.o
 .debug_frame   0x00000110       0x38 Device_Startup/startup_sam3xa.o
 .debug_frame   0x00000148       0x40 Device_Startup/system_sam3xa.o
 .debug_frame   0x00000188       0x3c Game.o
 .debug_frame   0x000001c4       0x28 main.o
 .debug_frame   0x000001ec       0x64 Motor.o
 .debug_frame   0x00000250       0x68 PID.o
 .debug_frame   0x000002b8      0x124 printf-stdarg.o
 .debug_frame   0x000003dc       0x48 PWM.o
 .debug_frame   0x00000424       0x4c timer.o
 .debug_frame   0x00000470       0x58 uart.o
 .debug_frame   0x000004c8       0xac c:/program files (x86)/atmel/studio/7.0/toolchain/arm/arm-gnu-toolchain/bin/../lib/gcc/arm-none-eabi/6.3.1/thumb/v7-m\libgcc.a(_arm_addsubdf3.o)
 .debug_frame   0x00000574       0x50 c:/program files (x86)/atmel/studio/7.0/toolchain/arm/arm-gnu-toolchain/bin/../lib/gcc/arm-none-eabi/6.3.1/thumb/v7-m\libgcc.a(_arm_muldivdf3.o)
 .debug_frame   0x000005c4       0x24 c:/program files (x86)/atmel/studio/7.0/toolchain/arm/arm-gnu-toolchain/bin/../lib/gcc/arm-none-eabi/6.3.1/thumb/v7-m\libgcc.a(_arm_fixdfsi.o)
 .debug_frame   0x000005e8       0x4c c:/program files (x86)/atmel/studio/7.0/toolchain/arm/arm-gnu-toolchain/bin/../lib/gcc/arm-none-eabi/6.3.1/thumb/v7-m\libgcc.a(_arm_addsubsf3.o)
 .debug_frame   0x00000634       0x38 c:/program files (x86)/atmel/studio/7.0/toolchain/arm/arm-gnu-toolchain/bin/../lib/gcc/arm-none-eabi/6.3.1/thumb/v7-m\libgcc.a(_arm_muldivsf3.o)
 .debug_frame   0x0000066c       0xc8 c:/program files (x86)/atmel/studio/7.0/toolchain/arm/arm-gnu-toolchain/bin/../lib/gcc/arm-none-eabi/6.3.1/thumb/v7-m\libgcc.a(_arm_cmpsf2.o)
 .debug_frame   0x00000734       0x24 c:/program files (x86)/atmel/studio/7.0/toolchain/arm/arm-gnu-toolchain/bin/../lib/gcc/arm-none-eabi/6.3.1/thumb/v7-m\libgcc.a(_arm_fixsfsi.o)
 .debug_frame   0x00000758       0x2c c:/program files (x86)/atmel/studio/7.0/toolchain/arm/arm-gnu-toolchain/bin/../lib/gcc/arm-none-eabi/6.3.1/../../../../arm-none-eabi/lib/thumb/v7-m\libc.a(lib_a-init.o)
 .debug_frame   0x00000784       0x5c c:/program files (x86)/atmel/studio/7.0/toolchain/arm/arm-gnu-toolchain/bin/../lib/gcc/arm-none-eabi/6.3.1/../../../../arm-none-eabi/lib/thumb/v7-m\libc.a(lib_a-__call_atexit.o)
 .debug_frame   0x000007e0       0x20 c:/program files (x86)/atmel/studio/7.0/toolchain/arm/arm-gnu-toolchain/bin/../lib/gcc/arm-none-eabi/6.3.1/../../../../arm-none-eabi/lib/thumb/v7-m\libc.a(lib_a-atexit.o)
 .debug_frame   0x00000800       0x34 c:/program files (x86)/atmel/studio/7.0/toolchain/arm/arm-gnu-toolchain/bin/../lib/gcc/arm-none-eabi/6.3.1/../../../../arm-none-eabi/lib/thumb/v7-m\libc.a(lib_a-fini.o)
 .debug_frame   0x00000834       0xb0 c:/program files (x86)/atmel/studio/7.0/toolchain/arm/arm-gnu-toolchain/bin/../lib/gcc/arm-none-eabi/6.3.1/../../../../arm-none-eabi/lib/thumb/v7-m\libc.a(lib_a-lock.o)
 .debug_frame   0x000008e4       0x34 c:/program files (x86)/atmel/studio/7.0/toolchain/arm/arm-gnu-toolchain/bin/../lib/gcc/arm-none-eabi/6.3.1/../../../../arm-none-eabi/lib/thumb/v7-m\libc.a(lib_a-__atexit.o)

.debug_loc      0x00000000     0x113e
 .debug_loc     0x00000000      0x2c1 can_controller.o
 .debug_loc     0x000002c1       0x78 can_interrupt.o
 .debug_loc     0x00000339       0x1e DAC.o
 .debug_loc     0x00000357       0x78 Device_Startup/startup_sam3xa.o
 .debug_loc     0x000003cf       0x3e Game.o
 .debug_loc     0x0000040d       0x20 main.o
 .debug_loc     0x0000042d       0xbb Motor.o
 .debug_loc     0x000004e8      0x1cf PID.o
 .debug_loc     0x000006b7      0x8d2 printf-stdarg.o
 .debug_loc     0x00000f89       0x7d PWM.o
 .debug_loc     0x00001006       0x6a timer.o
 .debug_loc     0x00001070       0xce uart.o
